 
****************************************
Report : power
        -analysis_effort low
Design : mux10
Version: P-2019.03
Date   : Fri Jun  3 23:33:17 2022
****************************************


Library(s) Used:

    tcbn40ulpbwp40_c170815tt1p1v25c (File: /tsmc40r/organized_pdk/N40ULP/TSMCHOME/digital/Front_End/timing_power_noise/NLDM/tcbn40ulpbwp40_c170815_130d/tcbn40ulpbwp40_c170815tt1p1v25c.db)


Operating Conditions: tt1p1v25c   Library: tcbn40ulpbwp40_c170815tt1p1v25c
Wire Load Model Mode: segmented

Design        Wire Load Model            Library
------------------------------------------------
mux10                  ZeroWireload      tcbn40ulpbwp40_c170815tt1p1v25c


Global Operating Voltage = 1.1  
Power-specific unit information :
    Voltage Units = 1V
    Capacitance Units = 1.000000pf
    Time Units = 1ns
    Dynamic Power Units = 1mW    (derived from V,C,T units)
    Leakage Power Units = 1nW


  Cell Internal Power  =   6.2786 uW   (64%)
  Net Switching Power  =   3.4969 uW   (36%)
                         ---------
Total Dynamic Power    =   9.7755 uW  (100%)

Cell Leakage Power     =   4.6529 nW

Information: report_power power group summary does not include estimated clock tree power. (PWR-789)

                 Internal         Switching           Leakage            Total
Power Group      Power            Power               Power              Power   (   %    )  Attrs
--------------------------------------------------------------------------------------------------
io_pad             0.0000            0.0000            0.0000            0.0000  (   0.00%)
memory             0.0000            0.0000            0.0000            0.0000  (   0.00%)
black_box          0.0000            0.0000            0.0000            0.0000  (   0.00%)
clock_network      0.0000            0.0000            0.0000            0.0000  (   0.00%)
register           0.0000            0.0000            0.0000            0.0000  (   0.00%)
sequential         0.0000            0.0000            0.0000            0.0000  (   0.00%)
combinational  6.2786e-03        3.4969e-03            4.6529        9.7801e-03  ( 100.00%)
--------------------------------------------------------------------------------------------------
Total          6.2786e-03 mW     3.4969e-03 mW         4.6529 nW     9.7801e-03 mW
1
