Information: Updating design information... (UID-85)
 
****************************************
Report : qor
Design : mux2
Version: P-2019.03
Date   : Fri Jun  3 23:28:39 2022
****************************************


  Timing Path Group (none)
  -----------------------------------
  Levels of Logic:               2.00
  Critical Path Length:          0.12
  Critical Path Slack:         uninit
  Critical Path Clk Period:       n/a
  Total Negative Slack:          0.00
  No. of Violating Paths:        0.00
  Worst Hold Violation:          0.00
  Total Hold Violation:          0.00
  No. of Hold Violations:        0.00
  -----------------------------------


  Cell Count
  -----------------------------------
  Hierarchical Cell Count:          0
  Hierarchical Port Count:          0
  Leaf Cell Count:                  9
  Buf/Inv Cell Count:               1
  Buf Cell Count:                   0
  Inv Cell Count:                   1
  CT Buf/Inv Cell Count:            0
  Combinational Cell Count:         9
  Sequential Cell Count:            0
  Macro Count:                      0
  -----------------------------------


  Area
  -----------------------------------
  Combinational Area:       14.641200
  Noncombinational Area:     0.000000
  Buf/Inv Area:              0.529200
  Total Buffer Area:             0.00
  Total Inverter Area:           0.53
  Macro/Black Box Area:      0.000000
  Net Area:                  0.000000
  -----------------------------------
  Cell Area:                14.641200
  Design Area:              14.641200


  Design Rules
  -----------------------------------
  Total Number of Nets:            26
  Nets With Violations:             0
  Max Trans Violations:             0
  Max Cap Violations:               0
  -----------------------------------


  Hostname: r6cad-tsmc40r.stanford.edu

  Compile CPU Statistics
  -----------------------------------------
  Resource Sharing:                    0.01
  Logic Optimization:                  0.10
  Mapping Optimization:                1.47
  -----------------------------------------
  Overall Compile Time:               11.34
  Overall Compile Wall Clock Time:    11.79

  --------------------------------------------------------------------

  Design  WNS: 0.00  TNS: 0.00  Number of Violating Paths: 0


  Design (Hold)  WNS: 0.00  TNS: 0.00  Number of Violating Paths: 0

  --------------------------------------------------------------------


1
