 
****************************************
Report : area
Design : mux4
Version: P-2019.03
Date   : Sat Jun  4 06:43:07 2022
****************************************

Library(s) Used:

    tcbn40ulpbwp40_c170815tt1p1v25c (File: /tsmc40r/organized_pdk/N40ULP/TSMCHOME/digital/Front_End/timing_power_noise/NLDM/tcbn40ulpbwp40_c170815_130d/tcbn40ulpbwp40_c170815tt1p1v25c.db)

Number of ports:                           42
Number of nets:                            64
Number of cells:                           30
Number of combinational cells:             30
Number of sequential cells:                 0
Number of macros/black boxes:               0
Number of buf/inv:                          2
Number of references:                       4

Combinational area:                 29.282400
Buf/Inv area:                        1.058400
Noncombinational area:               0.000000
Macro/Black Box area:                0.000000
Net Interconnect area:      undefined  (Wire load has zero net area)

Total cell area:                    29.282400
Total area:                 undefined

Hierarchical area distribution
------------------------------

                                  Global cell area          Local cell area
                                  ------------------  --------------------------- 
Hierarchical cell                 Absolute   Percent  Combi-    Noncombi-  Black-
                                  Total      Total    national  national   boxes   Design
--------------------------------  ---------  -------  --------  ---------  ------  ---------
mux4                                29.2824    100.0   29.2824     0.0000  0.0000  mux4
--------------------------------  ---------  -------  --------  ---------  ------  ---------
Total                                                  29.2824     0.0000  0.0000

1
