Information: Updating design information... (UID-85)
 
****************************************
Report : qor
Design : mux4
Version: P-2019.03
Date   : Sat Jun  4 06:43:07 2022
****************************************


  Timing Path Group (none)
  -----------------------------------
  Levels of Logic:               4.00
  Critical Path Length:          0.21
  Critical Path Slack:         uninit
  Critical Path Clk Period:       n/a
  Total Negative Slack:          0.00
  No. of Violating Paths:        0.00
  Worst Hold Violation:          0.00
  Total Hold Violation:          0.00
  No. of Hold Violations:        0.00
  -----------------------------------


  Cell Count
  -----------------------------------
  Hierarchical Cell Count:          0
  Hierarchical Port Count:          0
  Leaf Cell Count:                 30
  Buf/Inv Cell Count:               2
  Buf Cell Count:                   0
  Inv Cell Count:                   2
  CT Buf/Inv Cell Count:            0
  Combinational Cell Count:        30
  Sequential Cell Count:            0
  Macro Count:                      0
  -----------------------------------


  Area
  -----------------------------------
  Combinational Area:       29.282400
  Noncombinational Area:     0.000000
  Buf/Inv Area:              1.058400
  Total Buffer Area:             0.00
  Total Inverter Area:           1.06
  Macro/Black Box Area:      0.000000
  Net Area:                  0.000000
  -----------------------------------
  Cell Area:                29.282400
  Design Area:              29.282400


  Design Rules
  -----------------------------------
  Total Number of Nets:            64
  Nets With Violations:             0
  Max Trans Violations:             0
  Max Cap Violations:               0
  -----------------------------------


  Hostname: r6cad-tsmc40r.stanford.edu

  Compile CPU Statistics
  -----------------------------------------
  Resource Sharing:                    0.02
  Logic Optimization:                  0.11
  Mapping Optimization:                1.44
  -----------------------------------------
  Overall Compile Time:               11.30
  Overall Compile Wall Clock Time:    11.71

  --------------------------------------------------------------------

  Design  WNS: 0.00  TNS: 0.00  Number of Violating Paths: 0


  Design (Hold)  WNS: 0.00  TNS: 0.00  Number of Violating Paths: 0

  --------------------------------------------------------------------


1
